[2026-06-15 09:11:48] 公開開始: content/posts/post-20260422-22.md (【給食参観】遅刻と、ファンサと、謎の自信。)
[2026-06-15 09:27:53] 公開失敗: 【給食参観】遅刻と、ファンサと、謎の自信。 （詳細は auto-publish.log を確認）
[2026-06-18 09:07:35] 公開開始: content/posts/post-20260426-11.md (【悲報】わが家に「自称モデル」が現れた結果)
[2026-06-22 09:12:33] 公開開始: content/posts/post-20260504-12.md (無限ループの罠！？ふわふわ遊具で1時間半遊び倒した休日)
[2026-06-22 09:47:10] 公開失敗: 無限ループの罠！？ふわふわ遊具で1時間半遊び倒した休日 （詳細は auto-publish.log を確認）
[2026-06-25 09:07:58] 公開開始: content/posts/post-20260504-12.md (無限ループの罠！？ふわふわ遊具で1時間半遊び倒した休日)
[2026-06-25 20:40:51] 公開失敗: 無限ループの罠！？ふわふわ遊具で1時間半遊び倒した休日 （詳細は auto-publish.log を確認）
[2026-06-29 09:05:46] 公開開始: content/posts/post-20260504-56.md (甥っ子の迷言！？「半袖の長ズボン」という新ファッション)
[2026-06-29 09:43:24] 公開失敗: 甥っ子の迷言！？「半袖の長ズボン」という新ファッション （詳細は auto-publish.log を確認）
[2026-07-02 09:09:32] 公開開始: content/posts/post-20260504-9.md (9歳の娘が50代に！？恐怖の「G」が生んだ奇跡の一枚)
[2026-07-02 20:58:14] 公開失敗: 9歳の娘が50代に！？恐怖の「G」が生んだ奇跡の一枚 （詳細は auto-publish.log を確認）
[2026-07-06 09:13:07] 公開開始: content/posts/post-20260508-67.md (我が家に君臨する「肩幅ひろし」の脅威)
[2026-07-06 09:51:53] 公開失敗: 我が家に君臨する「肩幅ひろし」の脅威 （詳細は auto-publish.log を確認）
[2026-07-09 09:13:30] 公開開始: content/posts/post-20260511-46.md (【我が家の恋愛事情】小4娘が語る「長男に彼女ができない理由」が辛辣すぎた話)
[2026-07-09 10:27:37] 公開成功: 【我が家の恋愛事情】小4娘が語る「長男に彼女ができない理由」が辛辣すぎた話
[2026-07-13 09:11:54] 公開開始: content/posts/post-20260511-70.md (【小6男子のリアル】初めての「友達と映画」がツッコミどころ満載すぎた話)
[2026-07-13 19:19:46] 公開成功: 【小6男子のリアル】初めての「友達と映画」がツッコミどころ満載すぎた話
[2026-07-16 09:13:38] 公開開始: content/posts/post-20260518-26.md (【長女編】ノンストップの胸キュン！シール大好き女子のマシンガントーク)
[2026-07-16 17:58:38] 公開成功: 【長女編】ノンストップの胸キュン！シール大好き女子のマシンガントーク
[2026-07-20 09:02:15] 公開開始: content/posts/post-20260518-38.md (【長男編】文具男子のこだわりと、母をキュンとさせた「お兄ちゃんの一面」)
[2026-07-20 17:01:24] 公開失敗: 【長男編】文具男子のこだわりと、母をキュンとさせた「お兄ちゃんの一面」 （詳細は auto-publish.log を確認）
[2026-07-23 09:03:06] 公開開始: content/posts/post-20260518-44.md (【次男編】小学1年生のピュアさ炸裂！相棒「うさちゃん」との可愛い日々)
[2026-07-30 09:02:41] 公開開始: content/posts/post-20260531-1.md (【爆笑】長男が熱弁するサッカー新戦術「忍法挟み足」と、母が舐められた日)
[2026-07-30 11:27:45] 公開成功: 【爆笑】長男が熱弁するサッカー新戦術「忍法挟み足」と、母が舐められた日
[2026-08-03 09:06:48] 公開開始: content/posts/post-20260531-72.md (19歳になったら、お兄ちゃんは〇〇する！？次男のピュアすぎる勘違い)
[2026-08-03 20:33:02] 公開失敗: 19歳になったら、お兄ちゃんは〇〇する！？次男のピュアすぎる勘違い （詳細は auto-publish.log を確認）
[2026-08-06 09:12:42] 公開開始: content/posts/post-20260601-5.md (100均で運命の出会い！次男が命名したぬいぐるみの名前が斜め上すぎた話)
[2026-08-06 14:41:29] 公開失敗: 100均で運命の出会い！次男が命名したぬいぐるみの名前が斜め上すぎた話 （詳細は auto-publish.log を確認）
[2026-08-10 09:07:52] お休み指定日（2026-08-10）のため自動公開をスキップしました。
[2026-08-13 09:03:59] お休み指定日（2026-08-13）のため自動公開をスキップしました。
[2026-08-17 09:06:25] お休み指定日（2026-08-17）のため自動公開をスキップしました。
[2026-08-20 09:03:14] お休み指定日（2026-08-20）のため自動公開をスキップしました。
